******************************************************************************
                  TI ARM Linker PC v20.2.7                     
******************************************************************************
>> Linked Sun Feb 25 22:21:32 2024

OUTPUT FILE NAME:   <SeniorProject_PWM_fixed.out>
ENTRY POINT SYMBOL: "_c_int00_noargs"  address: 00001491


MEMORY CONFIGURATION

         name            origin    length      used     unused   attr    fill
----------------------  --------  ---------  --------  --------  ----  --------
  FLASH                 00000000   00040000  000017ec  0003e814  R  X
  SRAM                  20000000   00008000  00000205  00007dfb  RW X


SEGMENT ALLOCATION MAP

run origin  load origin   length   init length attrs members
----------  ----------- ---------- ----------- ----- -------
00000000    00000000    000017f0   000017f0    r-x
  00000000    00000000    0000026c   0000026c    r-- .intvecs
  0000026c    0000026c    0000140c   0000140c    r-x .text
  00001678    00001678    0000015c   0000015c    r-- .const
  000017d8    000017d8    00000018   00000018    r-- .cinit
20000000    20000000    00000205   00000000    rw-
  20000000    20000000    00000200   00000000    rw- .stack
  20000200    20000200    00000005   00000000    rw- .data


SECTION ALLOCATION MAP

 output                                  attributes/
section   page    origin      length       input sections
--------  ----  ----------  ----------   ----------------
.intvecs   0    00000000    0000026c     
                  00000000    0000026c     tm4c123gh6pm_startup_ccs.obj (.intvecs)

.text      0    0000026c    0000140c     
                  0000026c    000004a8     uartstdio.obj (.text)
                  00000714    0000039c     main.obj (.text)
                  00000ab0    000001b6     rtsv7M4_T_le_v4SPD16_eabi.lib : fd_add_t2.asm.obj (.text)
                  00000c66    00000002                                   : div0.asm.obj (.text)
                  00000c68    0000016c     driverlib.lib : gpio.obj (.text:GPIOPadConfigSet)
                  00000dd4    00000118                   : sysctl.obj (.text:SysCtlClockGet)
                  00000eec    000000fc     rtsv7M4_T_le_v4SPD16_eabi.lib : fd_mul_t2.asm.obj (.text)
                  00000fe8    000000f4     driverlib.lib : sysctl.obj (.text:SysCtlClockSet)
                  000010dc    0000009c     rtsv7M4_T_le_v4SPD16_eabi.lib : memcpy_t2.asm.obj (.text)
                  00001178    0000006e                                   : fd_tos_t2.asm.obj (.text)
                  000011e6    00000068                                   : copy_decompress_lzss.c.obj (.text:decompress:lzss:__TI_decompress_lzss)
                  0000124e    00000002     --HOLE-- [fill = 0]
                  00001250    0000004c     driverlib.lib : gpio.obj (.text:GPIOPinConfigure)
                  0000129c    0000004c                   : i2c.obj (.text:I2CMasterInitExpClk)
                  000012e8    00000046                   : uart.obj (.text:UARTConfigSetExpClk)
                  0000132e    00000002     --HOLE-- [fill = 0]
                  00001330    00000044     rtsv7M4_T_le_v4SPD16_eabi.lib : autoinit.c.obj (.text:__TI_auto_init_nobinit_nopinit:__TI_auto_init_nobinit_nopinit)
                  00001374    00000040                                   : u_divt2.asm.obj (.text)
                  000013b4    00000038     driverlib.lib : sysctl.obj (.text:SysCtlPeripheralPresent)
                  000013ec    00000038                   : sysctl.obj (.text:SysCtlPeripheralReady)
                  00001424    00000038     rtsv7M4_T_le_v4SPD16_eabi.lib : fs_tod_t2.asm.obj (.text)
                  0000145c    00000034     driverlib.lib : sysctl.obj (.text:SysCtlPeripheralEnable)
                  00001490    00000034     rtsv7M4_T_le_v4SPD16_eabi.lib : boot_cortex_m.c.obj (.text:_c_int00_noargs:_c_int00_noargs)
                  000014c4    0000002c     driverlib.lib : gpio.obj (.text:GPIODirModeSet)
                  000014f0    00000022                   : pwm.obj (.text:PWMGenConfigure)
                  00001512    00000002     --HOLE-- [fill = 0]
                  00001514    00000020                   : uart.obj (.text:UARTDisable)
                  00001534    0000001e                   : pwm.obj (.text:PWMPulseWidthSet)
                  00001552    0000001a                   : gpio.obj (.text:GPIOPinTypeGPIOOutput)
                  0000156c    00000016                   : gpio.obj (.text:GPIOPinTypeI2C)
                  00001582    00000016                   : gpio.obj (.text:GPIOPinTypeI2CSCL)
                  00001598    00000016                   : gpio.obj (.text:GPIOPinTypePWM)
                  000015ae    00000016                   : gpio.obj (.text:GPIOPinTypeUART)
                  000015c4    00000014                   : sysctl.obj (.text:SysCtlPWMClockSet)
                  000015d8    00000014                   : uart.obj (.text:UARTEnable)
                  000015ec    00000012                   : pwm.obj (.text:PWMOutputState)
                  000015fe    00000010                   : pwm.obj (.text:PWMGenPeriodSet)
                  0000160e    0000000e     rtsv7M4_T_le_v4SPD16_eabi.lib : copy_decompress_none.c.obj (.text:decompress:none:__TI_decompress_none)
                  0000161c    0000000c     driverlib.lib : pwm.obj (.text:PWMGenEnable)
                  00001628    0000000c     tm4c123gh6pm_startup_ccs.obj (.text)
                  00001634    0000000a     driverlib.lib : i2c.obj (.text:I2CMasterEnable)
                  0000163e    0000000a                   : uart.obj (.text:UARTCharGet)
                  00001648    0000000a                   : uart.obj (.text:UARTCharPut)
                  00001652    00000008                   : i2c.obj (.text:I2CMasterBusy)
                  0000165a    00000008                   : i2c.obj (.text:I2CMasterSlaveAddrSet)
                  00001662    00000006                   : sysctl.obj (.text:SysCtlDelay)
                  00001668    00000004                   : i2c.obj (.text:I2CMasterControl)
                  0000166c    00000004                   : i2c.obj (.text:I2CMasterDataGet)
                  00001670    00000004     rtsv7M4_T_le_v4SPD16_eabi.lib : pre_init.c.obj (.text:_system_pre_init)
                  00001674    00000004                                   : exit.c.obj (.text:abort:abort)

.const     0    00001678    0000015c     
                  00001678    00000090     driverlib.lib : gpio.obj (.const:g_pui32GPIOBaseAddrs)
                  00001708    0000006c                   : sysctl.obj (.const:g_pui32Xtals)
                  00001774    00000030     main.obj (.const:$P$T0$1)
                  000017a4    00000012     uartstdio.obj (.const:.string)
                  000017b6    00000002     --HOLE-- [fill = 0]
                  000017b8    0000000c     uartstdio.obj (.const:g_ui32UARTBase)
                  000017c4    0000000c     uartstdio.obj (.const:g_ui32UARTPeriph)
                  000017d0    00000004     uartstdio.obj (.const)

.cinit     0    000017d8    00000018     
                  000017d8    00000008     (__TI_handler_table)
                  000017e0    00000007     (.cinit..data.load) [load image, compression = lzss]
                  000017e7    00000001     --HOLE-- [fill = 0]
                  000017e8    00000008     (__TI_cinit_table)

.init_array 
*          0    00000000    00000000     UNINITIALIZED

.data      0    20000200    00000005     UNINITIALIZED
                  20000200    00000005     uartstdio.obj (.data)

.stack     0    20000000    00000200     UNINITIALIZED
                  20000000    00000004     rtsv7M4_T_le_v4SPD16_eabi.lib : boot_cortex_m.c.obj (.stack)
                  20000004    000001fc     --HOLE--

__llvm_prf_cnts 
*          0    20000000    00000000     UNINITIALIZED

MODULE SUMMARY

       Module                         code   ro data   rw data
       ------                         ----   -------   -------
    .\
       uartstdio.obj                  1192   46        5      
       main.obj                       924    48        0      
       tm4c123gh6pm_startup_ccs.obj   12     620       0      
    +--+------------------------------+------+---------+---------+
       Total:                         2128   714       5      
                                                              
    C:/ti/TivaWare_C_Series-2.2.0.295/driverlib/ccs/Debug/driverlib.lib
       sysctl.obj                     714    108       0      
       gpio.obj                       598    144       0      
       uart.obj                       142    0         0      
       i2c.obj                        110    0         0      
       pwm.obj                        110    0         0      
    +--+------------------------------+------+---------+---------+
       Total:                         1674   252       0      
                                                              
    C:\ti\ccs1240\ccs\tools\compiler\ti-cgt-arm_20.2.7.LTS\lib\rtsv7M4_T_le_v4SPD16_eabi.lib
       fd_add_t2.asm.obj              438    0         0      
       fd_mul_t2.asm.obj              252    0         0      
       memcpy_t2.asm.obj              156    0         0      
       fd_tos_t2.asm.obj              110    0         0      
       copy_decompress_lzss.c.obj     104    0         0      
       autoinit.c.obj                 68     0         0      
       u_divt2.asm.obj                64     0         0      
       fs_tod_t2.asm.obj              56     0         0      
       boot_cortex_m.c.obj            52     0         0      
       copy_decompress_none.c.obj     14     0         0      
       exit.c.obj                     4      0         0      
       pre_init.c.obj                 4      0         0      
       div0.asm.obj                   2      0         0      
    +--+------------------------------+------+---------+---------+
       Total:                         1324   0         0      
                                                              
       Stack:                         0      0         512    
       Linker Generated:              0      23        0      
    +--+------------------------------+------+---------+---------+
       Grand Total:                   5126   989       517    


LINKER GENERATED COPY TABLES

__TI_cinit_table @ 000017e8 records: 1, size/record: 8, table size: 8
	.data: load addr=000017e0, load size=00000007 bytes, run addr=20000200, run size=00000005 bytes, compression=lzss


LINKER GENERATED HANDLER TABLE

__TI_handler_table @ 000017d8 records: 2, size/record: 4, table size: 8
	index: 0, handler: __TI_decompress_lzss
	index: 1, handler: __TI_decompress_none


GLOBAL SYMBOLS: SORTED ALPHABETICALLY BY Name 

address   name                          
-------   ----                          
00001675  C$$EXIT                       
000007af  ConvertToCelcius              
000007e9  ConvertToFahrenheit           
000014c5  GPIODirModeSet                
00000c69  GPIOPadConfigSet              
00001251  GPIOPinConfigure              
00001553  GPIOPinTypeGPIOOutput         
0000156d  GPIOPinTypeI2C                
00001583  GPIOPinTypeI2CSCL             
00001599  GPIOPinTypePWM                
000015af  GPIOPinTypeUART               
00001653  I2CMasterBusy                 
00001669  I2CMasterControl              
0000166d  I2CMasterDataGet              
00001635  I2CMasterEnable               
0000129d  I2CMasterInitExpClk           
0000165b  I2CMasterSlaveAddrSet         
000014f1  PWMGenConfigure               
0000161d  PWMGenEnable                  
000015ff  PWMGenPeriodSet               
000015ed  PWMOutputState                
00001535  PWMPulseWidthSet              
0000084f  ReadI2CTemperature            
00001629  ResetISR                      
00000dd5  SysCtlClockGet                
00000fe9  SysCtlClockSet                
00001663  SysCtlDelay                   
000015c5  SysCtlPWMClockSet             
0000145d  SysCtlPeripheralEnable        
000013b5  SysCtlPeripheralPresent       
000013ed  SysCtlPeripheralReady         
0000163f  UARTCharGet                   
00001649  UARTCharPut                   
000012e9  UARTConfigSetExpClk           
00001515  UARTDisable                   
000015d9  UARTEnable                    
0000026d  UARTStdioConfig               
000003bd  UARTgetc                      
00000303  UARTgets                      
000006df  UARTprintf                    
000003e5  UARTvprintf                   
000002b3  UARTwrite                     
20000200  __STACK_END                   
00000200  __STACK_SIZE                  
20000200  __STACK_TOP                   
000017e8  __TI_CINIT_Base               
000017f0  __TI_CINIT_Limit              
000017d8  __TI_Handler_Table_Base       
000017e0  __TI_Handler_Table_Limit      
00001331  __TI_auto_init_nobinit_nopinit
000011e7  __TI_decompress_lzss          
0000160f  __TI_decompress_none          
ffffffff  __TI_pprof_out_hndl           
ffffffff  __TI_prof_data_size           
ffffffff  __TI_prof_data_start          
00000000  __TI_static_base__            
00001179  __aeabi_d2f                   
00000abb  __aeabi_dadd                  
00000eed  __aeabi_dmul                  
00000ab1  __aeabi_dsub                  
00001425  __aeabi_f2d                   
00000c67  __aeabi_idiv0                 
00000c67  __aeabi_ldiv0                 
000010dd  __aeabi_memcpy                
000010dd  __aeabi_memcpy4               
000010dd  __aeabi_memcpy8               
00001375  __aeabi_uidiv                 
00001375  __aeabi_uidivmod              
ffffffff  __binit__                     
ffffffff  __c_args__                    
UNDEFED   __mpu_init                    
20000000  __stack                       
20000000  __start___llvm_prf_cnts       
20000000  __stop___llvm_prf_cnts        
00001491  _c_int00_noargs               
UNDEFED   _system_post_cinit            
00001671  _system_pre_init              
00001675  abort                         
ffffffff  binit                         
00000000  g_pfnVectors                  
00000967  initI2C                       
000008ab  initPWM                       
000009b5  initUART                      
00000715  main                          
000010dd  memcpy                        


GLOBAL SYMBOLS: SORTED BY Symbol Address 

address   name                          
-------   ----                          
00000000  __TI_static_base__            
00000000  g_pfnVectors                  
00000200  __STACK_SIZE                  
0000026d  UARTStdioConfig               
000002b3  UARTwrite                     
00000303  UARTgets                      
000003bd  UARTgetc                      
000003e5  UARTvprintf                   
000006df  UARTprintf                    
00000715  main                          
000007af  ConvertToCelcius              
000007e9  ConvertToFahrenheit           
0000084f  ReadI2CTemperature            
000008ab  initPWM                       
00000967  initI2C                       
000009b5  initUART                      
00000ab1  __aeabi_dsub                  
00000abb  __aeabi_dadd                  
00000c67  __aeabi_idiv0                 
00000c67  __aeabi_ldiv0                 
00000c69  GPIOPadConfigSet              
00000dd5  SysCtlClockGet                
00000eed  __aeabi_dmul                  
00000fe9  SysCtlClockSet                
000010dd  __aeabi_memcpy                
000010dd  __aeabi_memcpy4               
000010dd  __aeabi_memcpy8               
000010dd  memcpy                        
00001179  __aeabi_d2f                   
000011e7  __TI_decompress_lzss          
00001251  GPIOPinConfigure              
0000129d  I2CMasterInitExpClk           
000012e9  UARTConfigSetExpClk           
00001331  __TI_auto_init_nobinit_nopinit
00001375  __aeabi_uidiv                 
00001375  __aeabi_uidivmod              
000013b5  SysCtlPeripheralPresent       
000013ed  SysCtlPeripheralReady         
00001425  __aeabi_f2d                   
0000145d  SysCtlPeripheralEnable        
00001491  _c_int00_noargs               
000014c5  GPIODirModeSet                
000014f1  PWMGenConfigure               
00001515  UARTDisable                   
00001535  PWMPulseWidthSet              
00001553  GPIOPinTypeGPIOOutput         
0000156d  GPIOPinTypeI2C                
00001583  GPIOPinTypeI2CSCL             
00001599  GPIOPinTypePWM                
000015af  GPIOPinTypeUART               
000015c5  SysCtlPWMClockSet             
000015d9  UARTEnable                    
000015ed  PWMOutputState                
000015ff  PWMGenPeriodSet               
0000160f  __TI_decompress_none          
0000161d  PWMGenEnable                  
00001629  ResetISR                      
00001635  I2CMasterEnable               
0000163f  UARTCharGet                   
00001649  UARTCharPut                   
00001653  I2CMasterBusy                 
0000165b  I2CMasterSlaveAddrSet         
00001663  SysCtlDelay                   
00001669  I2CMasterControl              
0000166d  I2CMasterDataGet              
00001671  _system_pre_init              
00001675  C$$EXIT                       
00001675  abort                         
000017d8  __TI_Handler_Table_Base       
000017e0  __TI_Handler_Table_Limit      
000017e8  __TI_CINIT_Base               
000017f0  __TI_CINIT_Limit              
20000000  __stack                       
20000000  __start___llvm_prf_cnts       
20000000  __stop___llvm_prf_cnts        
20000200  __STACK_END                   
20000200  __STACK_TOP                   
ffffffff  __TI_pprof_out_hndl           
ffffffff  __TI_prof_data_size           
ffffffff  __TI_prof_data_start          
ffffffff  __binit__                     
ffffffff  __c_args__                    
ffffffff  binit                         
UNDEFED   __mpu_init                    
UNDEFED   _system_post_cinit            

[85 symbols]
